// Jest Snapshot v1, https://goo.gl/fbAQLP

exports[`getConfig测试 1`] = `
Object {
  "port": "8081",
  "server": "https://demo.com",
}
`;
